// Jest Snapshot v1, https://goo.gl/fbAQLP

exports[`Footer Conponent 1`] = `
<div
  className="col s12 m6 category-card"
>
  <div
    className="card blue-grey darken-1"
  >
    <div
      className="card-content white-text"
    >
      <span
        className="card-title"
      >
        Category 1
      </span>
      <p
        className="card-content"
      >
        I am a very simple card. I am good at containing small bits of information. I am convenient because I require little markup to use effectively.
      </p>
    </div>
    <div
      className="card-action"
    >
      <a
        href="/category?id=123123-123123-23234"
        onClick={[Function]}
      >
        Show more
      </a>
    </div>
  </div>
</div>
`;
