// Jest Snapshot v1, https://goo.gl/fbAQLP

exports[`Footer Conponent 1`] = `
<footer
  className="page-footer"
>
  <div
    className="container"
  >
    <div
      className="row"
    >
      <div
        className="col l6 s12"
      >
        <h5
          className="white-text"
        >
          Footer Content
        </h5>
        <p
          className="grey-text text-lighten-4"
        >
          You can use rows and columns here to organize your footer content.
        </p>
      </div>
      <div
        className="col l4 offset-l2 s12"
      >
        <h5
          className="white-text"
        >
          Links
        </h5>
        <ul>
          <li>
            <a
              href="/"
              onClick={[Function]}
            >
              Home
            </a>
          </li>
          <li>
            <a
              href="/about"
              onClick={[Function]}
            >
              About
            </a>
          </li>
          <li>
            <a
              href="/contact"
              onClick={[Function]}
            >
              Contact
            </a>
          </li>
          <li>
            <a
              className="grey-text text-lighten-3"
              href="#!"
            >
              Your cart
            </a>
          </li>
        </ul>
      </div>
    </div>
  </div>
  <div
    className="footer-copyright"
  >
    <div
      className="container"
    >
      Â© 2017 Copyright Text
      <a
        className="grey-text text-lighten-4 right"
        href="#!"
      >
        More Links
      </a>
    </div>
  </div>
</footer>
`;
